
**** 11/13/18 17:18:20 *********** Evaluation PSpice (Nov 1999) **************

 * C:\Program Files\OrCAD_Demo\PSpice\UserLib\PEC1\PEC1.sch


 ****     CIRCUIT DESCRIPTION


******************************************************************************




* Schematics Version 9.1 - Web Update 1
* Tue Nov 13 17:18:20 2018



** Analysis setup **
.tran 2ms 5ms


* From [PSPICE NETLIST] section of pspiceev.ini:
.lib "nom.lib"

.INC "PEC1.net"

**** INCLUDING PEC1.net ****
* Schematics Netlist *



X_U23A         $N_0001 $N_0002 $G_DPWR $G_DGND 7404 PARAMS:
+ IO_LEVEL=0 MNTYMXDLY=0
X_U24A         $N_0003 $N_0004 $G_DPWR $G_DGND 7404 PARAMS:
+ IO_LEVEL=0 MNTYMXDLY=0
X_U25A         C1 $N_0005 $G_DPWR $G_DGND 7404 PARAMS:
+ IO_LEVEL=0 MNTYMXDLY=0
X_U50A         C3 S3 $G_DPWR $G_DGND 7404 PARAMS:
+ IO_LEVEL=0 MNTYMXDLY=0
X_U33A         $N_0005 $N_0001 C2 $G_DPWR $G_DGND 7408 PARAMS:
+ IO_LEVEL=0 MNTYMXDLY=0
X_U32A         $N_0005 $N_0002 $N_0004 C4 $G_DPWR $G_DGND 7411 PARAMS:
+ IO_LEVEL=0 MNTYMXDLY=0
X_U35A         $N_0005 $N_0002 $N_0003 C3 $G_DPWR $G_DGND 7411 PARAMS:
+ IO_LEVEL=0 MNTYMXDLY=0
U_P1         STIM(1,1) $G_DPWR $G_DGND $N_0003 IO_STM IO_LEVEL=0 
+ 0 0
+ +0.5ms 1
+REPEAT FOREVER
+ +0.5ms 0
+  +0.5ms 1
+ ENDREPEAT
U_P0         STIM(1,1) $G_DPWR $G_DGND $N_0001 IO_STM IO_LEVEL=0 
+ 0 0
+ +1ms 1
+REPEAT FOREVER
+ +1ms 0
+  +1ms 1
+ ENDREPEAT
U_P2         STIM(1,1) $G_DPWR $G_DGND C1 IO_STM IO_LEVEL=0 
+ 0 0
+ +2ms 1
+REPEAT FOREVER
+ +2ms 0
+  +2ms 1
+ ENDREPEAT
X_U49A         C3 C4 S2 $G_DPWR $G_DGND 7432 PARAMS:
+ IO_LEVEL=0 MNTYMXDLY=0
X_U18         $D_HI $D_HI $D_LO $D_HI $D_LO $D_HI $D_HI $D_LO C2 $D_LO S2 S3 S2
+  C1 $N_0014 $N_0015 $N_0016 $N_0017 $N_0018 $N_0021 $N_0020 $N_0019 $G_DPWR
+  $G_DGND 74181 PARAMS:
+ IO_LEVEL=0 MNTYMXDLY=0

**** RESUMING PEC1.cir ****
.INC "PEC1.als"



**** INCLUDING PEC1.als ****
* Schematics Aliases *

.ALIASES
X_U23A          U23A(A=$N_0001 Y=$N_0002 PWR=$G_DPWR GND=$G_DGND )
X_U24A          U24A(A=$N_0003 Y=$N_0004 PWR=$G_DPWR GND=$G_DGND )
X_U25A          U25A(A=C1 Y=$N_0005 PWR=$G_DPWR GND=$G_DGND )
X_U50A          U50A(A=C3 Y=S3 PWR=$G_DPWR GND=$G_DGND )
X_U33A          U33A(A=$N_0005 B=$N_0001 Y=C2 PWR=$G_DPWR GND=$G_DGND )
X_U32A          U32A(A=$N_0005 B=$N_0002 C=$N_0004 Y=C4 PWR=$G_DPWR GND=$G_DGND
+  )
X_U35A          U35A(A=$N_0005 B=$N_0002 C=$N_0003 Y=C3 PWR=$G_DPWR GND=$G_DGND
+  )
U_P1            P1(PWR=$G_DPWR GND=$G_DGND 1=$N_0003 )
U_P0            P0(PWR=$G_DPWR GND=$G_DGND 1=$N_0001 )
U_P2            P2(PWR=$G_DPWR GND=$G_DGND 1=C1 )
X_U49A          U49A(A=C3 B=C4 Y=S2 PWR=$G_DPWR GND=$G_DGND )
X_U18           U18(Abar0=$D_HI Abar1=$D_HI Abar2=$D_LO Abar3=$D_HI Bbar0=$D_LO
+  Bbar1=$D_HI Bbar2=$D_HI Bbar3=$D_LO S0=C2 S1=$D_LO S2=S2 S3=S3 M=S2 CN=C1
+  Fbar0=$N_0014 Fbar1=$N_0015 Fbar2=$N_0016 Fbar3=$N_0017 AeqB=$N_0018
+  Pbar=$N_0021 Gbar=$N_0020 CN+4=$N_0019 PWR=$G_DPWR GND=$G_DGND )
_    _(C1=C1)
_    _(C3=C3)
_    _(S3=S3)
_    _(C2=C2)
_    _(C4=C4)
_    _(S2=S2)
_    _(S1=$D_LO)
_    _($G_DGND=$G_DGND)
_    _($G_DPWR=$G_DPWR)
.ENDALIASES


**** RESUMING PEC1.cir ****
.probe


.END

**** 11/13/18 17:18:20 *********** Evaluation PSpice (Nov 1999) **************

 * C:\Program Files\OrCAD_Demo\PSpice\UserLib\PEC1\PEC1.sch


 ****     Digital Gate MODEL PARAMETERS


******************************************************************************




               D_04            D_08            D_11            D_32            
      TPLHMN    4.800000E-09    7.000000E-09    6.750001E-09    4.000000E-09 
      TPLHTY   12.000000E-09   17.500000E-09   16.875000E-09   10.000000E-09 
      TPLHMX   22.000000E-09   27.000000E-09   27.000000E-09   15.000000E-09 
      TPHLMN    3.200000E-09    4.800000E-09    4.750000E-09    5.600000E-09 
      TPHLTY    8.000000E-09   12.000000E-09   11.875000E-09   14.000000E-09 
      TPHLMX   15.000000E-09   19.000000E-09   19.000000E-09   22.000000E-09 


               D0_GATE         
      TPLHMN    0            
      TPLHTY    0            
      TPLHMX    0            
      TPHLMN    0            
      TPHLTY    0            
      TPHLMX    0            


**** 11/13/18 17:18:20 *********** Evaluation PSpice (Nov 1999) **************

 * C:\Program Files\OrCAD_Demo\PSpice\UserLib\PEC1\PEC1.sch


 ****     Digital IO  MODEL PARAMETERS


******************************************************************************




               IO_STM          IO_STD          IO_STD_OC       
        DRVL    0             104             104            
        DRVH    0              96.4             1.000000E+06 
       AtoD1                 AtoD_STD        AtoD_STD        
       AtoD2                 AtoD_STD_NX     AtoD_STD_NX     
       AtoD3                 AtoD_STD        AtoD_STD        
       AtoD4                 AtoD_STD_NX     AtoD_STD_NX     
       DtoA1 DtoA_STM        DtoA_STD        DtoA_STD_OC     
       DtoA2 DtoA_STM        DtoA_STD        DtoA_STD_OC     
       DtoA3 DtoA_STM        DtoA_STD        DtoA_STD_OC     
       DtoA4 DtoA_STM        DtoA_STD        DtoA_STD_OC     
      TSWHL1                    1.373000E-09    2.617000E-09 
      TSWHL2                    1.346000E-09    2.598000E-09 
      TSWHL3                    1.511000E-09    2.747000E-09 
      TSWHL4                    1.487000E-09    2.732000E-09 
      TSWLH1                    3.382000E-09    1.432000E-09 
      TSWLH2                    3.424000E-09    1.460000E-09 
      TSWLH3                    3.517000E-09    1.589000E-09 
      TSWLH4                    3.564000E-09    1.615000E-09 
       TPWRT  100.000000E+03  100.000000E+03  100.000000E+03 



          JOB CONCLUDED

          TOTAL JOB TIME             .08
